[     279ms] [LOG] %c
▲

 _____ _              _                    _   _             __
|_   _| |__   ___    / \   __ _  ___ _ __ | |_(_) ___       / /
  | | | '_ \ / _ \  / _ \ / _` |/ _ \ '_ \| __| |/ __|     / /
  | | | | | |  __/ / ___ \ (_| |  __/ | | | |_| | (__     /_/
  |_| |_| |_|\___|/_/   \_\__, |\___|_| |_|\__|_|\___|    (_)
                           |___/
 ___        __               _                   _                 _
|_ _|_ __  / _|_ __ __ _ ___| |_ _ __ _   _  ___| |_ _   _ _ __ ___
 | || '_ \| |_| '__/ _` / __| __| '__| | | |/ __| __| | | | '__/ _ \
 | || | | |  _| | | (_| \__ \ |_| |  | |_| | (__| |_| |_| | | |  __/
|___|_| |_|_| |_|  \__,_|___/\__|_|   \__,_|\___|\__|\__,_|_|  \___|
  

Hello!

- Open Source https://vercel.com/oss
- Careers https://vercel.com/careers
- Status https://vercel-status.com

 font-family: "Geist Mono", monospace; white-space: pre; line-height: 1; @ https://vercel.com/_next/static/immutable/chunks/0zc2w91an0f9c.js:78
[    1811ms] Error: Minified React error #418; visit https://react.dev/errors/418?args[]=HTML&args[]= for the full message or use the non-minified dev environment for full errors and additional helpful warnings.
    at r5 (https://vercel.com/_next/static/immutable/chunks/0zc2w91an0f9c.js:109:48005)
    at iz (https://vercel.com/_next/static/immutable/chunks/0zc2w91an0f9c.js:109:102145)
    at sY (https://vercel.com/_next/static/immutable/chunks/0zc2w91an0f9c.js:109:145154)
    at https://vercel.com/_next/static/immutable/chunks/0zc2w91an0f9c.js:109:144999
    at sX (https://vercel.com/_next/static/immutable/chunks/0zc2w91an0f9c.js:109:145007)
    at sj (https://vercel.com/_next/static/immutable/chunks/0zc2w91an0f9c.js:109:140168)
    at ck (https://vercel.com/_next/static/immutable/chunks/0zc2w91an0f9c.js:109:175002)
    at cv (https://vercel.com/_next/static/immutable/chunks/0zc2w91an0f9c.js:109:172905)
    at cb (https://vercel.com/_next/static/immutable/chunks/0zc2w91an0f9c.js:109:173262)
    at https://vercel.com/_next/static/immutable/chunks/0zc2w91an0f9c.js:109:175061
[    1828ms] Error: Minified React error #418; visit https://react.dev/errors/418?args[]=HTML&args[]= for the full message or use the non-minified dev environment for full errors and additional helpful warnings.
    at r5 (https://vercel.com/_next/static/immutable/chunks/0zc2w91an0f9c.js:109:48005)
    at iz (https://vercel.com/_next/static/immutable/chunks/0zc2w91an0f9c.js:109:102145)
    at sY (https://vercel.com/_next/static/immutable/chunks/0zc2w91an0f9c.js:109:145154)
    at https://vercel.com/_next/static/immutable/chunks/0zc2w91an0f9c.js:109:144999
    at sX (https://vercel.com/_next/static/immutable/chunks/0zc2w91an0f9c.js:109:145007)
    at sj (https://vercel.com/_next/static/immutable/chunks/0zc2w91an0f9c.js:109:140168)
    at ck (https://vercel.com/_next/static/immutable/chunks/0zc2w91an0f9c.js:109:175002)
    at cv (https://vercel.com/_next/static/immutable/chunks/0zc2w91an0f9c.js:109:172905)
    at cb (https://vercel.com/_next/static/immutable/chunks/0zc2w91an0f9c.js:109:173262)
    at https://vercel.com/_next/static/immutable/chunks/0zc2w91an0f9c.js:109:175061
[    1899ms] Error: Minified React error #418; visit https://react.dev/errors/418?args[]=HTML&args[]= for the full message or use the non-minified dev environment for full errors and additional helpful warnings.
    at r5 (https://vercel.com/_next/static/immutable/chunks/0zc2w91an0f9c.js:109:48005)
    at iz (https://vercel.com/_next/static/immutable/chunks/0zc2w91an0f9c.js:109:102145)
    at sY (https://vercel.com/_next/static/immutable/chunks/0zc2w91an0f9c.js:109:145154)
    at https://vercel.com/_next/static/immutable/chunks/0zc2w91an0f9c.js:109:144999
    at sX (https://vercel.com/_next/static/immutable/chunks/0zc2w91an0f9c.js:109:145007)
    at sj (https://vercel.com/_next/static/immutable/chunks/0zc2w91an0f9c.js:109:140168)
    at ck (https://vercel.com/_next/static/immutable/chunks/0zc2w91an0f9c.js:109:175002)
    at cv (https://vercel.com/_next/static/immutable/chunks/0zc2w91an0f9c.js:109:172905)
    at cb (https://vercel.com/_next/static/immutable/chunks/0zc2w91an0f9c.js:109:173262)
    at https://vercel.com/_next/static/immutable/chunks/0zc2w91an0f9c.js:109:175061
[    2271ms] [WARNING] Deprecated API for given entry type. @ https://vercel.com/_next/static/immutable/chunks/2pa6gt2dl4uw5.js:18
[    2516ms] [ERROR] Failed to load resource: the server responded with a status of 429 () @ https://o205439.ingest.sentry.io/api/1323670/envelope/?sentry_key=d00780d432ac4ccf882f60dd02062e14&sentry_version=7&sentry_client=sentry.javascript.browser%2F7.111.0:0
[    9257ms] [WARNING] The resource https://vercel.com/_next/static/immutable/chunks/2b2xbhkxq_cms.css was preloaded using link preload but not used within a few seconds from the window's load event. Please make sure it has an appropriate `as` value and it is preloaded intentionally. @ https://vercel.com/devonwhite1020-1830s-projects/chole-bhature/deployments:0
[    9258ms] [WARNING] The resource https://vercel.com/_next/static/immutable/chunks/3flhcz7cw314y.css was preloaded using link preload but not used within a few seconds from the window's load event. Please make sure it has an appropriate `as` value and it is preloaded intentionally. @ https://vercel.com/devonwhite1020-1830s-projects/chole-bhature/deployments:0
[   14613ms] [WARNING] The resource https://vercel.com/_next/static/immutable/chunks/2b2xbhkxq_cms.css was preloaded using link preload but not used within a few seconds from the window's load event. Please make sure it has an appropriate `as` value and it is preloaded intentionally. @ https://vercel.com/devonwhite1020-1830s-projects/chole-bhature/deployments:0
[   14613ms] [WARNING] The resource https://vercel.com/_next/static/immutable/chunks/3flhcz7cw314y.css was preloaded using link preload but not used within a few seconds from the window's load event. Please make sure it has an appropriate `as` value and it is preloaded intentionally. @ https://vercel.com/devonwhite1020-1830s-projects/chole-bhature/deployments:0
[   19018ms] [WARNING] The resource https://vercel.com/_next/static/immutable/chunks/2b2xbhkxq_cms.css was preloaded using link preload but not used within a few seconds from the window's load event. Please make sure it has an appropriate `as` value and it is preloaded intentionally. @ https://vercel.com/devonwhite1020-1830s-projects/chole-bhature/deployments:0
[   19018ms] [WARNING] The resource https://vercel.com/_next/static/immutable/chunks/3flhcz7cw314y.css was preloaded using link preload but not used within a few seconds from the window's load event. Please make sure it has an appropriate `as` value and it is preloaded intentionally. @ https://vercel.com/devonwhite1020-1830s-projects/chole-bhature/deployments:0
[   22969ms] [WARNING] The resource https://vercel.com/_next/static/immutable/chunks/2b2xbhkxq_cms.css was preloaded using link preload but not used within a few seconds from the window's load event. Please make sure it has an appropriate `as` value and it is preloaded intentionally. @ https://vercel.com/devonwhite1020-1830s-projects/chole-bhature/deployments:0
[   22969ms] [WARNING] The resource https://vercel.com/_next/static/immutable/chunks/3flhcz7cw314y.css was preloaded using link preload but not used within a few seconds from the window's load event. Please make sure it has an appropriate `as` value and it is preloaded intentionally. @ https://vercel.com/devonwhite1020-1830s-projects/chole-bhature/deployments:0
[   31331ms] [WARNING] The resource https://vercel.com/_next/static/immutable/chunks/2b2xbhkxq_cms.css was preloaded using link preload but not used within a few seconds from the window's load event. Please make sure it has an appropriate `as` value and it is preloaded intentionally. @ https://vercel.com/devonwhite1020-1830s-projects/chole-bhature/deployments:0
[   31332ms] [WARNING] The resource https://vercel.com/_next/static/immutable/chunks/3flhcz7cw314y.css was preloaded using link preload but not used within a few seconds from the window's load event. Please make sure it has an appropriate `as` value and it is preloaded intentionally. @ https://vercel.com/devonwhite1020-1830s-projects/chole-bhature/deployments:0
