[     265ms] [LOG] %c
▲

__  __                                     _            __
\ \/ /___  __  __   _________ _____       (_)_  _______/ /_
 \  / __ \/ / / /  / ___/ __ `/ __ \     / / / / / ___/ __/
 / / /_/ / /_/ /  / /__/ /_/ / / / /    / / /_/ (__  ) /_
/_/\____/\__,_/   \___/\__,_/_/ /_/  __/ /\__,_/____/\__/
         __    _          __  __    /___/
   _____/ /_  (_)___     / /_/ /_  (_)___  ____ ______
  / ___/ __ \/ / __ \   / __/ __ \/ / __ \/ __ `/ ___/
 (__  ) / / / / /_/ /  / /_/ / / / / / / / /_/ (__  )
/____/_/ /_/_/ .___/   \__/_/ /_/_/_/ /_/\__, /____/
            /_/                         /____/
  

Hello!

- Open Source https://vercel.com/oss
- Careers https://vercel.com/careers
- Status https://vercel-status.com

 font-family: "Geist Mono", monospace; white-space: pre; line-height: 1; @ https://vercel.com/_next/static/immutable/chunks/0zc2w91an0f9c.js:78
[    2815ms] Error: Minified React error #418; visit https://react.dev/errors/418?args[]=HTML&args[]= for the full message or use the non-minified dev environment for full errors and additional helpful warnings.
    at r5 (https://vercel.com/_next/static/immutable/chunks/0zc2w91an0f9c.js:109:48005)
    at iz (https://vercel.com/_next/static/immutable/chunks/0zc2w91an0f9c.js:109:102145)
    at sY (https://vercel.com/_next/static/immutable/chunks/0zc2w91an0f9c.js:109:145154)
    at https://vercel.com/_next/static/immutable/chunks/0zc2w91an0f9c.js:109:144999
    at sX (https://vercel.com/_next/static/immutable/chunks/0zc2w91an0f9c.js:109:145007)
    at sj (https://vercel.com/_next/static/immutable/chunks/0zc2w91an0f9c.js:109:140168)
    at ck (https://vercel.com/_next/static/immutable/chunks/0zc2w91an0f9c.js:109:175002)
    at cv (https://vercel.com/_next/static/immutable/chunks/0zc2w91an0f9c.js:109:172905)
    at cb (https://vercel.com/_next/static/immutable/chunks/0zc2w91an0f9c.js:109:173262)
    at https://vercel.com/_next/static/immutable/chunks/0zc2w91an0f9c.js:109:175061
[    5508ms] [WARNING] Deprecated API for given entry type. @ https://vercel.com/_next/static/immutable/chunks/2pa6gt2dl4uw5.js:18
[    9672ms] [WARNING] The resource https://vercel.com/_next/static/immutable/chunks/2b2xbhkxq_cms.css was preloaded using link preload but not used within a few seconds from the window's load event. Please make sure it has an appropriate `as` value and it is preloaded intentionally. @ https://vercel.com/account/settings/tokens:0
[    9672ms] [WARNING] The resource https://vercel.com/_next/static/immutable/chunks/07h2arz9ivn1u.css was preloaded using link preload but not used within a few seconds from the window's load event. Please make sure it has an appropriate `as` value and it is preloaded intentionally. @ https://vercel.com/account/settings/tokens:0
[    9672ms] [WARNING] The resource https://vercel.com/_next/static/immutable/chunks/3flhcz7cw314y.css was preloaded using link preload but not used within a few seconds from the window's load event. Please make sure it has an appropriate `as` value and it is preloaded intentionally. @ https://vercel.com/account/settings/tokens:0
[   15855ms] [WARNING] The resource https://vercel.com/_next/static/immutable/chunks/2b2xbhkxq_cms.css was preloaded using link preload but not used within a few seconds from the window's load event. Please make sure it has an appropriate `as` value and it is preloaded intentionally. @ https://vercel.com/account/settings/tokens:0
[   15856ms] [WARNING] The resource https://vercel.com/_next/static/immutable/chunks/07h2arz9ivn1u.css was preloaded using link preload but not used within a few seconds from the window's load event. Please make sure it has an appropriate `as` value and it is preloaded intentionally. @ https://vercel.com/account/settings/tokens:0
[   15856ms] [WARNING] The resource https://vercel.com/_next/static/immutable/chunks/3flhcz7cw314y.css was preloaded using link preload but not used within a few seconds from the window's load event. Please make sure it has an appropriate `as` value and it is preloaded intentionally. @ https://vercel.com/account/settings/tokens:0
