[     209ms] [LOG] %c
▲

    ________   _ __ _          ____           __
   /  _/ __/  (_) /( )_____   / __/___ ______/ /_
   / // /_   / / __/// ___/  / /_/ __ `/ ___/ __/
 _/ // __/  / / /_  (__  )  / __/ /_/ (__  ) /_
/___/_/    /_/\__/ /____/  /_/  \__,_/____/\__/
    _ __ _                         _    __                    __
   (_) /( )_____   ____  ____     | |  / /__  _____________  / /
  / / __/// ___/  / __ \/ __ \    | | / / _ \/ ___/ ___/ _ \/ /
 / / /_  (__  )  / /_/ / / / /    | |/ /  __/ /  / /__/  __/ /
/_/\__/ /____/   \____/_/ /_/     |___/\___/_/   \___/\___/_/
  

Hello!

- Open Source https://vercel.com/oss
- Careers https://vercel.com/careers
- Status https://vercel-status.com

 font-family: "Geist Mono", monospace; white-space: pre; line-height: 1; @ https://vercel.com/_next/static/immutable/chunks/0zc2w91an0f9c.js:78
[    3117ms] [WARNING] Deprecated API for given entry type. @ https://vercel.com/_next/static/immutable/chunks/2pa6gt2dl4uw5.js:18
[    8158ms] [WARNING] The resource https://vercel.com/_next/static/immutable/chunks/2b2xbhkxq_cms.css was preloaded using link preload but not used within a few seconds from the window's load event. Please make sure it has an appropriate `as` value and it is preloaded intentionally. @ https://vercel.com/devonwhite1020-1830s-projects/chole-bhature/deployments?environment=production:0
[    8158ms] [WARNING] The resource https://vercel.com/_next/static/immutable/chunks/3flhcz7cw314y.css was preloaded using link preload but not used within a few seconds from the window's load event. Please make sure it has an appropriate `as` value and it is preloaded intentionally. @ https://vercel.com/devonwhite1020-1830s-projects/chole-bhature/deployments?environment=production:0
[   16781ms] [WARNING] The resource https://vercel.com/_next/static/immutable/chunks/2b2xbhkxq_cms.css was preloaded using link preload but not used within a few seconds from the window's load event. Please make sure it has an appropriate `as` value and it is preloaded intentionally. @ https://vercel.com/devonwhite1020-1830s-projects/chole-bhature/deployments?environment=production:0
[   16781ms] [WARNING] The resource https://vercel.com/_next/static/immutable/chunks/3flhcz7cw314y.css was preloaded using link preload but not used within a few seconds from the window's load event. Please make sure it has an appropriate `as` value and it is preloaded intentionally. @ https://vercel.com/devonwhite1020-1830s-projects/chole-bhature/deployments?environment=production:0
[   22479ms] [WARNING] The resource https://vercel.com/_next/static/immutable/chunks/2b2xbhkxq_cms.css was preloaded using link preload but not used within a few seconds from the window's load event. Please make sure it has an appropriate `as` value and it is preloaded intentionally. @ https://vercel.com/devonwhite1020-1830s-projects/chole-bhature/deployments?environment=production:0
[   22479ms] [WARNING] The resource https://vercel.com/_next/static/immutable/chunks/3flhcz7cw314y.css was preloaded using link preload but not used within a few seconds from the window's load event. Please make sure it has an appropriate `as` value and it is preloaded intentionally. @ https://vercel.com/devonwhite1020-1830s-projects/chole-bhature/deployments?environment=production:0
