[     541ms] [VERBOSE] [DOM] Password field is not contained in a form: (More info: https://goo.gl/9p2vKq) %o @ https://chole-bhature.vercel.app/analytics:0
[     541ms] [VERBOSE] [DOM] Password field is not contained in a form: (More info: https://goo.gl/9p2vKq) %o @ https://chole-bhature.vercel.app/analytics:0
[  151354ms] [ERROR] Failed to load resource: net::ERR_HTTP2_PROTOCOL_ERROR @ https://i.postimg.cc/L64M3bYV/netmirror.png:0
[  151355ms] [ERROR] Failed to load resource: net::ERR_HTTP2_PROTOCOL_ERROR @ https://i.postimg.cc/nLwY1pJB/nakios.png:0
[  151355ms] [ERROR] Failed to load resource: net::ERR_HTTP2_PROTOCOL_ERROR @ https://i.postimg.cc/8c5XGzsx/showbox.png:0
[  151355ms] [ERROR] Failed to load resource: net::ERR_HTTP2_PROTOCOL_ERROR @ https://i.postimg.cc/7L5shxmC/purstream.png:0
[  151355ms] [ERROR] Failed to load resource: net::ERR_HTTP2_PROTOCOL_ERROR @ https://i.postimg.cc/brxL7qg3/multivid.png:0
[  151355ms] [ERROR] Failed to load resource: net::ERR_HTTP2_PROTOCOL_ERROR @ https://i.postimg.cc/KzDBBdbK/uhdmovies.png:0
[  151356ms] [ERROR] Failed to load resource: net::ERR_HTTP2_PROTOCOL_ERROR @ https://i.postimg.cc/1tHrBvzs/vixsrc.png:0
[  151356ms] [ERROR] Failed to load resource: net::ERR_HTTP2_PROTOCOL_ERROR @ https://i.postimg.cc/7LHYMtVV/videasy.png:0
[  151356ms] [ERROR] Failed to load resource: net::ERR_HTTP2_PROTOCOL_ERROR @ https://i.postimg.cc/KzjPtYWY/imdb.png:0
[  151356ms] [ERROR] Failed to load resource: net::ERR_HTTP2_PROTOCOL_ERROR @ https://i.postimg.cc/ncMLBsLJ/vidsrc.png:0
[  151356ms] [ERROR] Failed to load resource: net::ERR_HTTP2_PROTOCOL_ERROR @ https://i.postimg.cc/tCz8CDH3/peachify.png:0
[  151356ms] [ERROR] Failed to load resource: net::ERR_HTTP2_PROTOCOL_ERROR @ https://i.postimg.cc/dtX84Gqc/onlykdrama.jpg:0
[  151357ms] [ERROR] Failed to load resource: net::ERR_HTTP2_PROTOCOL_ERROR @ https://i.postimg.cc/qq6V2fTL/persian.png:0
[  151357ms] [ERROR] Failed to load resource: net::ERR_HTTP2_PROTOCOL_ERROR @ https://i.postimg.cc/2yLnTzPP/kisskh.jpg:0
[  151357ms] [ERROR] Failed to load resource: net::ERR_HTTP2_PROTOCOL_ERROR @ https://i.postimg.cc/XqCZyCgp/zinkmovies.png:0
[  151357ms] [ERROR] Failed to load resource: net::ERR_HTTP2_PROTOCOL_ERROR @ https://i.postimg.cc/tgqNQxdy/xpass.png:0
[  151357ms] [ERROR] Failed to load resource: net::ERR_HTTP2_PROTOCOL_ERROR @ https://i.postimg.cc/ZRYTCy0T/torrentio.png:0
[  151357ms] [ERROR] Failed to load resource: net::ERR_HTTP2_PROTOCOL_ERROR @ https://i.postimg.cc/3xVsbwp8/topcartoons.png:0
[  151357ms] [ERROR] Failed to load resource: net::ERR_HTTP2_PROTOCOL_ERROR @ https://i.postimg.cc/TwYK26jn/vegamovies.png:0
[  151358ms] [ERROR] Failed to load resource: net::ERR_HTTP2_PROTOCOL_ERROR @ https://i.postimg.cc/ZRjQytBY/vidlove.png:0
[  151358ms] [ERROR] Failed to load resource: net::ERR_HTTP2_PROTOCOL_ERROR @ https://i.postimg.cc/0Qp8PSx5/vidfast.png:0
[  151358ms] [ERROR] Failed to load resource: net::ERR_HTTP2_PROTOCOL_ERROR @ https://i.postimg.cc/RZRHQd75/vidlink.png:0
[  158379ms] [ERROR] Failed to load resource: net::ERR_HTTP2_PROTOCOL_ERROR @ https://i.postimg.cc/WpFW45WQ/allwish.png:0
[  158379ms] [ERROR] Failed to load resource: net::ERR_HTTP2_PROTOCOL_ERROR @ https://i.postimg.cc/9fDVBvn5/1shows.png:0
[  158379ms] [ERROR] Failed to load resource: net::ERR_HTTP2_PROTOCOL_ERROR @ https://i.postimg.cc/DZpW6Xfb/4khdhub.png:0
[  183388ms] [ERROR] Failed to load resource: net::ERR_HTTP2_PROTOCOL_ERROR @ https://i.postimg.cc/3Rc34LJj/movieshunt.png:0
[  184088ms] [ERROR] Failed to load resource: net::ERR_HTTP2_PROTOCOL_ERROR @ https://i.postimg.cc/RVTy2djk/ainimezey.png:0
[  184088ms] [ERROR] Failed to load resource: net::ERR_HTTP2_PROTOCOL_ERROR @ https://i.postimg.cc/jSQmk9B3/ctgmovies.png:0
[  184088ms] [ERROR] Failed to load resource: net::ERR_HTTP2_PROTOCOL_ERROR @ https://i.postimg.cc/hhWqkVQs/allmovieland.png:0
[  184088ms] [ERROR] Failed to load resource: net::ERR_HTTP2_PROTOCOL_ERROR @ https://i.postimg.cc/90dVRJJq/moonflix.png:0
[  184088ms] [ERROR] Failed to load resource: net::ERR_HTTP2_PROTOCOL_ERROR @ https://i.postimg.cc/XYjKhS3b/cinemacity.png:0
[  184088ms] [ERROR] Failed to load resource: net::ERR_HTTP2_PROTOCOL_ERROR @ https://i.postimg.cc/59H1DmRk/dooflix.png:0
[  184089ms] [ERROR] Failed to load resource: net::ERR_HTTP2_PROTOCOL_ERROR @ https://i.postimg.cc/QCFYLyRR/einthusan.png:0
[  184089ms] [ERROR] Failed to load resource: net::ERR_HTTP2_PROTOCOL_ERROR @ https://i.postimg.cc/hGt3dV6Z/dhamermovies.png:0
[  184089ms] [ERROR] Failed to load resource: net::ERR_HTTP2_PROTOCOL_ERROR @ https://i.postimg.cc/qqsfgS0F/goated.png:0
[  184089ms] [ERROR] Failed to load resource: net::ERR_HTTP2_PROTOCOL_ERROR @ https://i.postimg.cc/mryRTf0R/hdhub4u.png:0
[  184089ms] [ERROR] Failed to load resource: net::ERR_HTTP2_PROTOCOL_ERROR @ https://i.postimg.cc/sfLR6dMm/fibwatch.png:0
[  184089ms] [ERROR] Failed to load resource: net::ERR_HTTP2_PROTOCOL_ERROR @ https://i.postimg.cc/761WVpJS/hdghartv.png:0
[  184089ms] [ERROR] Failed to load resource: net::ERR_HTTP2_PROTOCOL_ERROR @ https://i.postimg.cc/WbNPW7Jv/gramcinema.png:0
[  184090ms] [ERROR] Failed to load resource: net::ERR_HTTP2_PROTOCOL_ERROR @ https://i.postimg.cc/3N2V7pHc/kurage.png:0
[  184090ms] [ERROR] Failed to load resource: net::ERR_HTTP2_PROTOCOL_ERROR @ https://i.postimg.cc/5t55Csm4/hindmoviez.png:0
[  184090ms] [ERROR] Failed to load resource: net::ERR_HTTP2_PROTOCOL_ERROR @ https://i.postimg.cc/13SYJPTx/hianime.png:0
[  184090ms] [ERROR] Failed to load resource: net::ERR_HTTP2_PROTOCOL_ERROR @ https://i.postimg.cc/bwDbhq9q/moviesdrive.png:0
[  184090ms] [ERROR] Failed to load resource: net::ERR_HTTP2_PROTOCOL_ERROR @ https://i.postimg.cc/qqkLSyhN/movieblast.png:0
[  184090ms] [ERROR] Failed to load resource: net::ERR_HTTP2_PROTOCOL_ERROR @ https://i.postimg.cc/TPwkfqHh/moviebox.png:0
[  184090ms] [ERROR] Failed to load resource: net::ERR_HTTP2_PROTOCOL_ERROR @ https://i.postimg.cc/XYrPQm87/movix.png:0
[  345902ms] [ERROR] Failed to load resource: net::ERR_HTTP2_PROTOCOL_ERROR @ https://i.postimg.cc/1X24MYhg/animesalt.png:0
